├───project (128)
	├───file.txt (19)
	└───gopher.png (70372)
├───static (256)
	├───a_lorem (160)
	│	├───dolor.txt (0)
	│	├───gopher.png (70372)
	│	└───ipsum (96)
	│	│	└───gopher.png (70372)
	├───css (96)
	│	└───body.css (28)
	├───empty.txt (0)
	├───html (96)
	│	└───index.html (57)
	├───js (96)
	│	└───site.js (10)
	└───z_lorem (160)
	│	├───dolor.txt (0)
	│	├───gopher.png (70372)
	│	└───ipsum (96)
	│	│	└───gopher.png (70372)
├───zline (128)
	├───empty.txt (0)
	└───lorem (160)
	│	├───dolor.txt (0)
	│	├───gopher.png (70372)
	│	└───ipsum (96)
	│	│	└───gopher.png (70372)
└───zzfile.txt (0)
